
> frontend@0.0.0 build
> tsc -b && vite build

[36mvite v8.0.6 [32mbuilding client environment for production...[36m[39m
[2K
transforming...Γ£ô 966 modules transformed.
rendering chunks...
computing gzip size...
dist/index.html                   0.64 kB Γöé gzip:   0.39 kB
dist/assets/index-BNV3P_g_.css  232.09 kB Γöé gzip:  31.62 kB
dist/assets/index-Dq4A3_DZ.js   772.11 kB Γöé gzip: 233.21 kB

[32mΓ£ô built in 822ms[39m
node.exe : [33m[plugin builtin:vite-reporter] 
At C:\Program Files\nodejs\npm.ps1:29 char:3
+   & $NODE_EXE $NPM_CLI_JS $args
+   ~~~~~~~~~~~~~~~~~~~~~~~~~~~~~
    + CategoryInfo          : NotSpecified: ([3 
   3m[plugin builtin:vite-reporter] :String) []  
  , RemoteException
    + FullyQualifiedErrorId : NativeCommandError
 
(!) Some chunks are larger than 500 kB after 
minification. Consider:
- Using dynamic import() to code-split the 
application
- Use build.rolldownOptions.output.codeSplitting 
to improve chunking: https://rolldown.rs/referenc
e/OutputOptions.codeSplitting
- Adjust chunk size limit for this warning via 
build.chunkSizeWarningLimit.[39m
