[INFO] Scanning for projects...
[INFO] 
[INFO] ----------------< com.hostel:hostel-management-system >-----------------
[INFO] Building Student Hostel Management System 1.0.0
[INFO]   from pom.xml
[INFO] --------------------------------[ jar ]---------------------------------
[INFO] 
[INFO] --- clean:3.3.2:clean (default-clean) @ hostel-management-system ---
[INFO] Deleting C:\Users\KIIT\Downloads\infyproj\backend\target
[INFO] 
[INFO] --- resources:3.3.1:resources (default-resources) @ hostel-management-system ---
[INFO] Copying 1 resource from src\main\resources to target\classes
[INFO] Copying 0 resource from src\main\resources to target\classes
[INFO] 
[INFO] --- compiler:3.11.0:compile (default-compile) @ hostel-management-system ---
[INFO] Changes detected - recompiling the module! :source
[INFO] Compiling 71 source files with javac [debug release 17] to target\classes
[INFO] -------------------------------------------------------------
[WARNING] COMPILATION WARNING : 
[INFO] -------------------------------------------------------------
[WARNING] /C:/Users/KIIT/Downloads/infyproj/backend/src/main/java/com/hostel/user/entity/User.java:[41,18] @Builder will ignore the initializing expression entirely. If you want the initializing expression to serve as default, add @Builder.Default. If it is not supposed to be settable during building, make the field final.
[WARNING] /C:/Users/KIIT/Downloads/infyproj/backend/src/main/java/com/hostel/room/entity/Room.java:[45,24] @Builder will ignore the initializing expression entirely. If you want the initializing expression to serve as default, add @Builder.Default. If it is not supposed to be settable during building, make the field final.
[WARNING] /C:/Users/KIIT/Downloads/infyproj/backend/src/main/java/com/hostel/notification/entity/NotificationLog.java:[30,32] @Builder will ignore the initializing expression entirely. If you want the initializing expression to serve as default, add @Builder.Default. If it is not supposed to be settable during building, make the field final.
[WARNING] /C:/Users/KIIT/Downloads/infyproj/backend/src/main/java/com/hostel/user/dto/AuthResponse.java:[13,20] @Builder will ignore the initializing expression entirely. If you want the initializing expression to serve as default, add @Builder.Default. If it is not supposed to be settable during building, make the field final.
[WARNING] /C:/Users/KIIT/Downloads/infyproj/backend/src/main/java/com/hostel/booking/entity/Booking.java:[42,27] @Builder will ignore the initializing expression entirely. If you want the initializing expression to serve as default, add @Builder.Default. If it is not supposed to be settable during building, make the field final.
[WARNING] /C:/Users/KIIT/Downloads/infyproj/backend/src/main/java/com/hostel/booking/entity/Booking.java:[51,21] @Builder will ignore the initializing expression entirely. If you want the initializing expression to serve as default, add @Builder.Default. If it is not supposed to be settable during building, make the field final.
[WARNING] /C:/Users/KIIT/Downloads/infyproj/backend/src/main/java/com/hostel/booking/entity/Booking.java:[54,24] @Builder will ignore the initializing expression entirely. If you want the initializing expression to serve as default, add @Builder.Default. If it is not supposed to be settable during building, make the field final.
[INFO] 7 warnings 
[INFO] -------------------------------------------------------------
[INFO] -------------------------------------------------------------
[ERROR] COMPILATION ERROR : 
[INFO] -------------------------------------------------------------
[ERROR] /C:/Users/KIIT/Downloads/infyproj/backend/src/main/java/com/hostel/booking/controller/BookingController.java:[44,32] cannot find symbol
  symbol:   class OccupiedDateRangeDTO
  location: class com.hostel.booking.controller.BookingController
[INFO] 1 error
[INFO] -------------------------------------------------------------
[INFO] ------------------------------------------------------------------------
[INFO] BUILD FAILURE
[INFO] ------------------------------------------------------------------------
[INFO] Total time:  4.515 s
[INFO] Finished at: 2026-04-22T18:00:03+05:30
[INFO] ------------------------------------------------------------------------
[ERROR] Failed to execute goal org.apache.maven.plugins:maven-compiler-plugin:3.11.0:compile (default-compile) on project hostel-management-system: Compilation failure
[ERROR] /C:/Users/KIIT/Downloads/infyproj/backend/src/main/java/com/hostel/booking/controller/BookingController.java:[44,32] cannot find symbol
[ERROR]   symbol:   class OccupiedDateRangeDTO
[ERROR]   location: class com.hostel.booking.controller.BookingController
[ERROR] 
[ERROR] -> [Help 1]
[ERROR] 
[ERROR] To see the full stack trace of the errors, re-run Maven with the -e switch.
[ERROR] Re-run Maven using the -X switch to enable full debug logging.
[ERROR] 
[ERROR] For more information about the errors and possible solutions, please read the following articles:
[ERROR] [Help 1] http://cwiki.apache.org/confluence/display/MAVEN/MojoFailureException
